--------------------------------------------------------------------------------
Release 14.2 Trace  (nt64)
Copyright (c) 1995-2012 Xilinx, Inc.  All rights reserved.

C:\Xilinx\14.2\ISE_DS\ISE\bin\nt64\unwrapped\trce.exe -intstyle ise -v 3 -s 3
-n 3 -fastpaths -xml System.twx System.ncd -o System.twr System.pcf -ucf
System_Connection.ucf

Design file:              System.ncd
Physical constraint file: System.pcf
Device,package,speed:     xc6slx16,csg324,C,-3 (PRODUCTION 1.22 2012-07-09)
Report level:             verbose report

Environment Variable      Effect 
--------------------      ------ 
NONE                      No environment variables were set
--------------------------------------------------------------------------------

INFO:Timing:2698 - No timing constraints found, doing default enumeration.
INFO:Timing:3412 - To improve timing, see the Timing Closure User Guide (UG612).
INFO:Timing:2752 - To get complete path coverage, use the unconstrained paths 
   option. All paths that are not constrained will be reported in the 
   unconstrained paths section(s) of the report.
INFO:Timing:3339 - The clock-to-out numbers in this timing report are based on 
   a 50 Ohm transmission line loading model.  For the details of this model, 
   and for more information on accounting for different loading conditions, 
   please see the device datasheet.



Data Sheet report:
-----------------
All values displayed in nanoseconds (ns)

Setup/Hold to clock CLK
------------+------------+------------+------------+------------+------------------+--------+
            |Max Setup to|  Process   |Max Hold to |  Process   |                  | Clock  |
Source      | clk (edge) |   Corner   | clk (edge) |   Corner   |Internal Clock(s) | Phase  |
------------+------------+------------+------------+------------+------------------+--------+
BTN<0>      |    4.745(R)|      SLOW  |   -1.863(R)|      FAST  |CLK_BUFGP         |   0.000|
BTN<1>      |    5.961(R)|      SLOW  |   -1.778(R)|      FAST  |CLK_BUFGP         |   0.000|
BTN<2>      |    5.366(R)|      SLOW  |   -1.341(R)|      FAST  |CLK_BUFGP         |   0.000|
BTN<3>      |    5.179(R)|      SLOW  |   -2.250(R)|      FAST  |CLK_BUFGP         |   0.000|
BTN<4>      |    4.713(R)|      SLOW  |   -1.739(R)|      FAST  |CLK_BUFGP         |   0.000|
SW<0>       |    1.083(R)|      FAST  |   -0.438(R)|      SLOW  |CLK_BUFGP         |   0.000|
SW<1>       |    1.178(R)|      SLOW  |   -0.356(R)|      SLOW  |CLK_BUFGP         |   0.000|
SW<2>       |    1.303(R)|      SLOW  |   -0.510(R)|      SLOW  |CLK_BUFGP         |   0.000|
SW<3>       |    1.098(R)|      FAST  |   -0.386(R)|      SLOW  |CLK_BUFGP         |   0.000|
SW<4>       |    1.051(R)|      FAST  |   -0.401(R)|      SLOW  |CLK_BUFGP         |   0.000|
SW<7>       |    6.811(R)|      SLOW  |   -2.281(R)|      FAST  |CLK_BUFGP         |   0.000|
------------+------------+------------+------------+------------+------------------+--------+

Clock CLK to Pad
------------+-----------------+------------+-----------------+------------+------------------+--------+
            |Max (slowest) clk|  Process   |Min (fastest) clk|  Process   |                  | Clock  |
Destination |  (edge) to PAD  |   Corner   |  (edge) to PAD  |   Corner   |Internal Clock(s) | Phase  |
------------+-----------------+------------+-----------------+------------+------------------+--------+
CLAW        |         8.185(R)|      SLOW  |         4.327(R)|      FAST  |CLK_BUFGP         |   0.000|
JOINTHIGH   |         8.121(R)|      SLOW  |         4.293(R)|      FAST  |CLK_BUFGP         |   0.000|
JOINTLOW    |         8.184(R)|      SLOW  |         4.326(R)|      FAST  |CLK_BUFGP         |   0.000|
LED<0>      |         7.666(R)|      SLOW  |         4.062(R)|      FAST  |CLK_BUFGP         |   0.000|
LED<1>      |         8.278(R)|      SLOW  |         4.456(R)|      FAST  |CLK_BUFGP         |   0.000|
LED<2>      |         9.251(R)|      SLOW  |         5.125(R)|      FAST  |CLK_BUFGP         |   0.000|
LED<3>      |         8.710(R)|      SLOW  |         4.784(R)|      FAST  |CLK_BUFGP         |   0.000|
LED<4>      |         8.944(R)|      SLOW  |         4.795(R)|      FAST  |CLK_BUFGP         |   0.000|
LED<5>      |         8.821(R)|      SLOW  |         4.755(R)|      FAST  |CLK_BUFGP         |   0.000|
LED<6>      |         8.728(R)|      SLOW  |         4.699(R)|      FAST  |CLK_BUFGP         |   0.000|
PWM         |         7.259(R)|      SLOW  |         3.770(R)|      FAST  |CLK_BUFGP         |   0.000|
SSEG_AN<0>  |         6.950(R)|      SLOW  |         3.553(R)|      FAST  |CLK_BUFGP         |   0.000|
SSEG_AN<1>  |         6.880(R)|      SLOW  |         3.511(R)|      FAST  |CLK_BUFGP         |   0.000|
SSEG_AN<2>  |         6.600(R)|      SLOW  |         3.343(R)|      FAST  |CLK_BUFGP         |   0.000|
SSEG_AN<3>  |         6.691(R)|      SLOW  |         3.398(R)|      FAST  |CLK_BUFGP         |   0.000|
SSEG_CA<0>  |         7.427(R)|      SLOW  |         3.872(R)|      FAST  |CLK_BUFGP         |   0.000|
SSEG_CA<1>  |         7.333(R)|      SLOW  |         3.804(R)|      FAST  |CLK_BUFGP         |   0.000|
SSEG_CA<2>  |         7.280(R)|      SLOW  |         3.776(R)|      FAST  |CLK_BUFGP         |   0.000|
SSEG_CA<3>  |         7.534(R)|      SLOW  |         3.936(R)|      FAST  |CLK_BUFGP         |   0.000|
SSEG_CA<4>  |         7.573(R)|      SLOW  |         3.969(R)|      FAST  |CLK_BUFGP         |   0.000|
SSEG_CA<5>  |         7.624(R)|      SLOW  |         4.003(R)|      FAST  |CLK_BUFGP         |   0.000|
SSEG_CA<6>  |         7.473(R)|      SLOW  |         3.885(R)|      FAST  |CLK_BUFGP         |   0.000|
------------+-----------------+------------+-----------------+------------+------------------+--------+

Clock to Setup on destination clock CLK
---------------+---------+---------+---------+---------+
               | Src:Rise| Src:Fall| Src:Rise| Src:Fall|
Source Clock   |Dest:Rise|Dest:Rise|Dest:Fall|Dest:Fall|
---------------+---------+---------+---------+---------+
CLK            |    5.237|         |         |         |
---------------+---------+---------+---------+---------+


Analysis completed Tue Jan 22 13:55:32 2013 
--------------------------------------------------------------------------------

Trace Settings:
-------------------------
Trace Settings 

Peak Memory Usage: 235 MB



