--------------------------------------------------------------------------------
Release 14.2 Trace  (nt64)
Copyright (c) 1995-2012 Xilinx, Inc.  All rights reserved.

C:\Xilinx\14.2\ISE_DS\ISE\bin\nt64\unwrapped\trce.exe -intstyle ise -v 3 -s 3
-n 3 -fastpaths -xml System.twx System.ncd -o System.twr System.pcf -ucf
System_Connection.ucf

Design file:              System.ncd
Physical constraint file: System.pcf
Device,package,speed:     xc6slx16,csg324,C,-3 (PRODUCTION 1.22 2012-07-09)
Report level:             verbose report

Environment Variable      Effect 
--------------------      ------ 
NONE                      No environment variables were set
--------------------------------------------------------------------------------

INFO:Timing:2698 - No timing constraints found, doing default enumeration.
INFO:Timing:3412 - To improve timing, see the Timing Closure User Guide (UG612).
INFO:Timing:2752 - To get complete path coverage, use the unconstrained paths 
   option. All paths that are not constrained will be reported in the 
   unconstrained paths section(s) of the report.
INFO:Timing:3339 - The clock-to-out numbers in this timing report are based on 
   a 50 Ohm transmission line loading model.  For the details of this model, 
   and for more information on accounting for different loading conditions, 
   please see the device datasheet.



Data Sheet report:
-----------------
All values displayed in nanoseconds (ns)

Setup/Hold to clock CLK
------------+------------+------------+------------+------------+------------------+--------+
            |Max Setup to|  Process   |Max Hold to |  Process   |                  | Clock  |
Source      | clk (edge) |   Corner   | clk (edge) |   Corner   |Internal Clock(s) | Phase  |
------------+------------+------------+------------+------------+------------------+--------+
BTN<0>      |    4.377(R)|      SLOW  |   -2.154(R)|      FAST  |CLK_BUFGP         |   0.000|
BTN<1>      |    4.347(R)|      SLOW  |   -2.221(R)|      FAST  |CLK_BUFGP         |   0.000|
BTN<2>      |    4.442(R)|      SLOW  |   -2.123(R)|      FAST  |CLK_BUFGP         |   0.000|
BTN<3>      |    5.312(R)|      SLOW  |   -2.786(R)|      FAST  |CLK_BUFGP         |   0.000|
BTN<4>      |    4.613(R)|      SLOW  |   -2.604(R)|      FAST  |CLK_BUFGP         |   0.000|
SW<0>       |    1.736(R)|      SLOW  |   -1.188(R)|      FAST  |CLK_BUFGP         |   0.000|
SW<1>       |    1.418(R)|      SLOW  |   -0.755(R)|      SLOW  |CLK_BUFGP         |   0.000|
SW<2>       |    1.205(R)|      SLOW  |   -0.604(R)|      SLOW  |CLK_BUFGP         |   0.000|
SW<3>       |    1.966(R)|      SLOW  |   -0.862(R)|      FAST  |CLK_BUFGP         |   0.000|
SW<4>       |    1.970(R)|      SLOW  |   -0.893(R)|      FAST  |CLK_BUFGP         |   0.000|
SW<5>       |    2.209(R)|      SLOW  |   -1.033(R)|      FAST  |CLK_BUFGP         |   0.000|
SW<6>       |    1.999(R)|      SLOW  |   -0.916(R)|      FAST  |CLK_BUFGP         |   0.000|
SW<7>       |    8.570(R)|      SLOW  |   -0.652(R)|      SLOW  |CLK_BUFGP         |   0.000|
------------+------------+------------+------------+------------+------------------+--------+

Clock CLK to Pad
------------+-----------------+------------+-----------------+------------+------------------+--------+
            |Max (slowest) clk|  Process   |Min (fastest) clk|  Process   |                  | Clock  |
Destination |  (edge) to PAD  |   Corner   |  (edge) to PAD  |   Corner   |Internal Clock(s) | Phase  |
------------+-----------------+------------+-----------------+------------+------------------+--------+
CLAW        |         7.058(R)|      SLOW  |         3.651(R)|      FAST  |CLK_BUFGP         |   0.000|
JOINTHIGH   |         7.172(R)|      SLOW  |         3.703(R)|      FAST  |CLK_BUFGP         |   0.000|
JOINTLOW    |         7.004(R)|      SLOW  |         3.599(R)|      FAST  |CLK_BUFGP         |   0.000|
LED<0>      |         8.578(R)|      SLOW  |         4.598(R)|      FAST  |CLK_BUFGP         |   0.000|
LED<1>      |         8.439(R)|      SLOW  |         4.542(R)|      FAST  |CLK_BUFGP         |   0.000|
LED<2>      |         8.779(R)|      SLOW  |         4.764(R)|      FAST  |CLK_BUFGP         |   0.000|
LED<3>      |         8.463(R)|      SLOW  |         4.580(R)|      FAST  |CLK_BUFGP         |   0.000|
LED<4>      |         8.232(R)|      SLOW  |         4.344(R)|      FAST  |CLK_BUFGP         |   0.000|
LED<5>      |         8.100(R)|      SLOW  |         4.263(R)|      FAST  |CLK_BUFGP         |   0.000|
LED<6>      |         8.265(R)|      SLOW  |         4.395(R)|      FAST  |CLK_BUFGP         |   0.000|
LED<7>      |         8.169(R)|      SLOW  |         4.335(R)|      FAST  |CLK_BUFGP         |   0.000|
PWM         |         6.994(R)|      SLOW  |         3.614(R)|      FAST  |CLK_BUFGP         |   0.000|
SSEG_AN<0>  |         6.836(R)|      SLOW  |         3.486(R)|      FAST  |CLK_BUFGP         |   0.000|
SSEG_AN<1>  |         6.897(R)|      SLOW  |         3.513(R)|      FAST  |CLK_BUFGP         |   0.000|
SSEG_AN<2>  |         6.789(R)|      SLOW  |         3.474(R)|      FAST  |CLK_BUFGP         |   0.000|
SSEG_AN<3>  |         6.588(R)|      SLOW  |         3.338(R)|      FAST  |CLK_BUFGP         |   0.000|
SSEG_CA<0>  |         8.068(R)|      SLOW  |         4.252(R)|      FAST  |CLK_BUFGP         |   0.000|
SSEG_CA<1>  |         8.337(R)|      SLOW  |         4.435(R)|      FAST  |CLK_BUFGP         |   0.000|
SSEG_CA<2>  |         8.128(R)|      SLOW  |         4.287(R)|      FAST  |CLK_BUFGP         |   0.000|
SSEG_CA<3>  |         8.230(R)|      SLOW  |         4.341(R)|      FAST  |CLK_BUFGP         |   0.000|
SSEG_CA<4>  |         8.233(R)|      SLOW  |         4.344(R)|      FAST  |CLK_BUFGP         |   0.000|
SSEG_CA<5>  |         8.510(R)|      SLOW  |         4.558(R)|      FAST  |CLK_BUFGP         |   0.000|
SSEG_CA<6>  |         8.185(R)|      SLOW  |         4.319(R)|      FAST  |CLK_BUFGP         |   0.000|
------------+-----------------+------------+-----------------+------------+------------------+--------+

Clock to Setup on destination clock CLK
---------------+---------+---------+---------+---------+
               | Src:Rise| Src:Fall| Src:Rise| Src:Fall|
Source Clock   |Dest:Rise|Dest:Rise|Dest:Fall|Dest:Fall|
---------------+---------+---------+---------+---------+
CLK            |    5.520|         |         |         |
---------------+---------+---------+---------+---------+


Analysis completed Sun Mar 10 14:56:10 2013 
--------------------------------------------------------------------------------

Trace Settings:
-------------------------
Trace Settings 

Peak Memory Usage: 235 MB



